// Jest Snapshot v1, https://goo.gl/fbAQLP

exports[`Tests on the App />Component It should render <App /> correctly 1`] = `<SearchEngineContainer />`;
